Archive member included to satisfy reference by file (symbol)

c:/program files (x86)/atmel/studio/7.0/toolchain/avr8/avr8-gnu-toolchain/bin/../lib/gcc/avr/4.9.2/avrxmega2\libgcc.a(_exit.o)
                              C:/Program Files (x86)/Atmel/Studio/7.0/Packs/atmel/ATtiny_DFP/1.1.102/gcc/dev/attiny817/avrxmega2/crtattiny817.o (exit)
c:/program files (x86)/atmel/studio/7.0/toolchain/avr8/avr8-gnu-toolchain/bin/../lib/gcc/avr/4.9.2/avrxmega2\libgcc.a(_copy_data.o)
                              display.o (__do_copy_data)
c:/program files (x86)/atmel/studio/7.0/toolchain/avr8/avr8-gnu-toolchain/bin/../lib/gcc/avr/4.9.2/avrxmega2\libgcc.a(_clear_bss.o)
                              time_and_date.o (__do_clear_bss)
c:/program files (x86)/atmel/studio/7.0/toolchain/avr8/avr8-gnu-toolchain/bin/../lib/gcc/avr/4.9.2/../../../../avr/lib/avrxmega2\libc.a(strncmp.o)
                              src/spi_basic_example.o (strncmp)
c:/program files (x86)/atmel/studio/7.0/toolchain/avr8/avr8-gnu-toolchain/bin/../lib/gcc/avr/4.9.2/../../../../avr/lib/avrxmega2\libc.a(itoa_ncheck.o)
                              driver_isr.o (__itoa_ncheck)
c:/program files (x86)/atmel/studio/7.0/toolchain/avr8/avr8-gnu-toolchain/bin/../lib/gcc/avr/4.9.2/../../../../avr/lib/avrxmega2\libc.a(utoa_ncheck.o)
                              c:/program files (x86)/atmel/studio/7.0/toolchain/avr8/avr8-gnu-toolchain/bin/../lib/gcc/avr/4.9.2/../../../../avr/lib/avrxmega2\libc.a(itoa_ncheck.o) (__utoa_common)
c:/program files (x86)/atmel/studio/7.0/toolchain/avr8/avr8-gnu-toolchain/bin/../lib/gcc/avr/4.9.2/../../../../avr/lib/avrxmega2\libc.a(strrev.o)
                              c:/program files (x86)/atmel/studio/7.0/toolchain/avr8/avr8-gnu-toolchain/bin/../lib/gcc/avr/4.9.2/../../../../avr/lib/avrxmega2\libc.a(utoa_ncheck.o) (strrev)

Allocating common symbols
Common symbol       size              file

t                   0x7               time_and_date.o

Discarded input sections

 .data          0x00000000        0x0 C:/Program Files (x86)/Atmel/Studio/7.0/Packs/atmel/ATtiny_DFP/1.1.102/gcc/dev/attiny817/avrxmega2/crtattiny817.o
 .bss           0x00000000        0x0 C:/Program Files (x86)/Atmel/Studio/7.0/Packs/atmel/ATtiny_DFP/1.1.102/gcc/dev/attiny817/avrxmega2/crtattiny817.o
 .text          0x00000000        0x0 atmel_start.o
 .data          0x00000000        0x0 atmel_start.o
 .bss           0x00000000        0x0 atmel_start.o
 .text          0x00000000        0x0 time_and_date.o
 .data          0x00000000        0x0 time_and_date.o
 .bss           0x00000000        0x0 time_and_date.o
 .text          0x00000000        0x0 display.o
 .data          0x00000000        0x0 display.o
 .bss           0x00000000        0x0 display.o
 .text.DISP_write_bitmap
                0x00000000      0x1d8 display.o
 .text.DISP_set_mode
                0x00000000       0x14 display.o
 .text          0x00000000        0x0 driver_isr.o
 .data          0x00000000        0x0 driver_isr.o
 .bss           0x00000000        0x0 driver_isr.o
 .text          0x00000000        0x0 main.o
 .data          0x00000000        0x0 main.o
 .bss           0x00000000        0x0 main.o
 .text          0x00000000        0x0 src/bod.o
 .data          0x00000000        0x0 src/bod.o
 .bss           0x00000000        0x0 src/bod.o
 .text          0x00000000        0x0 src/spi_basic_example.o
 .data          0x00000000        0x0 src/spi_basic_example.o
 .bss           0x00000000        0x0 src/spi_basic_example.o
 .text.drive_slave_select_high
                0x00000000        0x2 src/spi_basic_example.o
 .rodata.str1.1
                0x00000000        0x5 src/spi_basic_example.o
 .text.SPI_0_test_spi_basic
                0x00000000       0x38 src/spi_basic_example.o
 .data.buffer   0x00000000       0x10 src/spi_basic_example.o
 .debug_info    0x00000000      0x1d6 src/spi_basic_example.o
 .debug_abbrev  0x00000000      0x11b src/spi_basic_example.o
 .debug_aranges
                0x00000000       0x28 src/spi_basic_example.o
 .debug_ranges  0x00000000       0x18 src/spi_basic_example.o
 .debug_line    0x00000000      0x179 src/spi_basic_example.o
 .debug_str     0x00000000      0x23d src/spi_basic_example.o
 .comment       0x00000000       0x31 src/spi_basic_example.o
 .debug_frame   0x00000000       0x34 src/spi_basic_example.o
 .text          0x00000000        0x0 src/clkctrl.o
 .data          0x00000000        0x0 src/clkctrl.o
 .bss           0x00000000        0x0 src/clkctrl.o
 .text          0x00000000        0x0 src/cpuint.o
 .data          0x00000000        0x0 src/cpuint.o
 .bss           0x00000000        0x0 src/cpuint.o
 .text          0x00000000        0x0 src/driver_init.o
 .data          0x00000000        0x0 src/driver_init.o
 .bss           0x00000000        0x0 src/driver_init.o
 .text          0x00000000        0x0 src/protected_io.o
 .data          0x00000000        0x0 src/protected_io.o
 .bss           0x00000000        0x0 src/protected_io.o
 .text          0x00000000        0x0 src/rtc.o
 .data          0x00000000        0x0 src/rtc.o
 .bss           0x00000000        0x0 src/rtc.o
 .text          0x00000000        0x0 src/slpctrl.o
 .data          0x00000000        0x0 src/slpctrl.o
 .bss           0x00000000        0x0 src/slpctrl.o
 .text          0x00000000        0x0 src/spi_basic.o
 .data          0x00000000        0x0 src/spi_basic.o
 .bss           0x00000000        0x0 src/spi_basic.o
 .text.SPI_0_init
                0x00000000       0x18 src/spi_basic.o
 .text.SPI_0_enable
                0x00000000        0xc src/spi_basic.o
 .text.SPI_0_disable
                0x00000000        0xc src/spi_basic.o
 .text.SPI_0_register_callback
                0x00000000        0xa src/spi_basic.o
 .text.SPI_0_status_free
                0x00000000        0xc src/spi_basic.o
 .text.SPI_0_status_idle
                0x00000000        0xe src/spi_basic.o
 .text.SPI_0_status_busy
                0x00000000        0xe src/spi_basic.o
 .text.SPI_0_status_done
                0x00000000        0xe src/spi_basic.o
 .text.SPI_0_exchange_byte
                0x00000000       0x1c src/spi_basic.o
 .text.SPI_0_exchange_block
                0x00000000       0x1a src/spi_basic.o
 .text.SPI_0_write_block
                0x00000000       0x1a src/spi_basic.o
 .text.SPI_0_read_block
                0x00000000       0x18 src/spi_basic.o
 .text          0x00000000        0x0 c:/program files (x86)/atmel/studio/7.0/toolchain/avr8/avr8-gnu-toolchain/bin/../lib/gcc/avr/4.9.2/avrxmega2\libgcc.a(_exit.o)
 .data          0x00000000        0x0 c:/program files (x86)/atmel/studio/7.0/toolchain/avr8/avr8-gnu-toolchain/bin/../lib/gcc/avr/4.9.2/avrxmega2\libgcc.a(_exit.o)
 .bss           0x00000000        0x0 c:/program files (x86)/atmel/studio/7.0/toolchain/avr8/avr8-gnu-toolchain/bin/../lib/gcc/avr/4.9.2/avrxmega2\libgcc.a(_exit.o)
 .text.libgcc.mul
                0x00000000        0x0 c:/program files (x86)/atmel/studio/7.0/toolchain/avr8/avr8-gnu-toolchain/bin/../lib/gcc/avr/4.9.2/avrxmega2\libgcc.a(_exit.o)
 .text.libgcc.div
                0x00000000        0x0 c:/program files (x86)/atmel/studio/7.0/toolchain/avr8/avr8-gnu-toolchain/bin/../lib/gcc/avr/4.9.2/avrxmega2\libgcc.a(_exit.o)
 .text.libgcc   0x00000000        0x0 c:/program files (x86)/atmel/studio/7.0/toolchain/avr8/avr8-gnu-toolchain/bin/../lib/gcc/avr/4.9.2/avrxmega2\libgcc.a(_exit.o)
 .text.libgcc.prologue
                0x00000000        0x0 c:/program files (x86)/atmel/studio/7.0/toolchain/avr8/avr8-gnu-toolchain/bin/../lib/gcc/avr/4.9.2/avrxmega2\libgcc.a(_exit.o)
 .text.libgcc.builtins
                0x00000000        0x0 c:/program files (x86)/atmel/studio/7.0/toolchain/avr8/avr8-gnu-toolchain/bin/../lib/gcc/avr/4.9.2/avrxmega2\libgcc.a(_exit.o)
 .text.libgcc.fmul
                0x00000000        0x0 c:/program files (x86)/atmel/studio/7.0/toolchain/avr8/avr8-gnu-toolchain/bin/../lib/gcc/avr/4.9.2/avrxmega2\libgcc.a(_exit.o)
 .text.libgcc.fixed
                0x00000000        0x0 c:/program files (x86)/atmel/studio/7.0/toolchain/avr8/avr8-gnu-toolchain/bin/../lib/gcc/avr/4.9.2/avrxmega2\libgcc.a(_exit.o)
 .text          0x00000000        0x0 c:/program files (x86)/atmel/studio/7.0/toolchain/avr8/avr8-gnu-toolchain/bin/../lib/gcc/avr/4.9.2/avrxmega2\libgcc.a(_copy_data.o)
 .data          0x00000000        0x0 c:/program files (x86)/atmel/studio/7.0/toolchain/avr8/avr8-gnu-toolchain/bin/../lib/gcc/avr/4.9.2/avrxmega2\libgcc.a(_copy_data.o)
 .bss           0x00000000        0x0 c:/program files (x86)/atmel/studio/7.0/toolchain/avr8/avr8-gnu-toolchain/bin/../lib/gcc/avr/4.9.2/avrxmega2\libgcc.a(_copy_data.o)
 .text.libgcc.mul
                0x00000000        0x0 c:/program files (x86)/atmel/studio/7.0/toolchain/avr8/avr8-gnu-toolchain/bin/../lib/gcc/avr/4.9.2/avrxmega2\libgcc.a(_copy_data.o)
 .text.libgcc.div
                0x00000000        0x0 c:/program files (x86)/atmel/studio/7.0/toolchain/avr8/avr8-gnu-toolchain/bin/../lib/gcc/avr/4.9.2/avrxmega2\libgcc.a(_copy_data.o)
 .text.libgcc   0x00000000        0x0 c:/program files (x86)/atmel/studio/7.0/toolchain/avr8/avr8-gnu-toolchain/bin/../lib/gcc/avr/4.9.2/avrxmega2\libgcc.a(_copy_data.o)
 .text.libgcc.prologue
                0x00000000        0x0 c:/program files (x86)/atmel/studio/7.0/toolchain/avr8/avr8-gnu-toolchain/bin/../lib/gcc/avr/4.9.2/avrxmega2\libgcc.a(_copy_data.o)
 .text.libgcc.builtins
                0x00000000        0x0 c:/program files (x86)/atmel/studio/7.0/toolchain/avr8/avr8-gnu-toolchain/bin/../lib/gcc/avr/4.9.2/avrxmega2\libgcc.a(_copy_data.o)
 .text.libgcc.fmul
                0x00000000        0x0 c:/program files (x86)/atmel/studio/7.0/toolchain/avr8/avr8-gnu-toolchain/bin/../lib/gcc/avr/4.9.2/avrxmega2\libgcc.a(_copy_data.o)
 .text.libgcc.fixed
                0x00000000        0x0 c:/program files (x86)/atmel/studio/7.0/toolchain/avr8/avr8-gnu-toolchain/bin/../lib/gcc/avr/4.9.2/avrxmega2\libgcc.a(_copy_data.o)
 .text          0x00000000        0x0 c:/program files (x86)/atmel/studio/7.0/toolchain/avr8/avr8-gnu-toolchain/bin/../lib/gcc/avr/4.9.2/avrxmega2\libgcc.a(_clear_bss.o)
 .data          0x00000000        0x0 c:/program files (x86)/atmel/studio/7.0/toolchain/avr8/avr8-gnu-toolchain/bin/../lib/gcc/avr/4.9.2/avrxmega2\libgcc.a(_clear_bss.o)
 .bss           0x00000000        0x0 c:/program files (x86)/atmel/studio/7.0/toolchain/avr8/avr8-gnu-toolchain/bin/../lib/gcc/avr/4.9.2/avrxmega2\libgcc.a(_clear_bss.o)
 .text.libgcc.mul
                0x00000000        0x0 c:/program files (x86)/atmel/studio/7.0/toolchain/avr8/avr8-gnu-toolchain/bin/../lib/gcc/avr/4.9.2/avrxmega2\libgcc.a(_clear_bss.o)
 .text.libgcc.div
                0x00000000        0x0 c:/program files (x86)/atmel/studio/7.0/toolchain/avr8/avr8-gnu-toolchain/bin/../lib/gcc/avr/4.9.2/avrxmega2\libgcc.a(_clear_bss.o)
 .text.libgcc   0x00000000        0x0 c:/program files (x86)/atmel/studio/7.0/toolchain/avr8/avr8-gnu-toolchain/bin/../lib/gcc/avr/4.9.2/avrxmega2\libgcc.a(_clear_bss.o)
 .text.libgcc.prologue
                0x00000000        0x0 c:/program files (x86)/atmel/studio/7.0/toolchain/avr8/avr8-gnu-toolchain/bin/../lib/gcc/avr/4.9.2/avrxmega2\libgcc.a(_clear_bss.o)
 .text.libgcc.builtins
                0x00000000        0x0 c:/program files (x86)/atmel/studio/7.0/toolchain/avr8/avr8-gnu-toolchain/bin/../lib/gcc/avr/4.9.2/avrxmega2\libgcc.a(_clear_bss.o)
 .text.libgcc.fmul
                0x00000000        0x0 c:/program files (x86)/atmel/studio/7.0/toolchain/avr8/avr8-gnu-toolchain/bin/../lib/gcc/avr/4.9.2/avrxmega2\libgcc.a(_clear_bss.o)
 .text.libgcc.fixed
                0x00000000        0x0 c:/program files (x86)/atmel/studio/7.0/toolchain/avr8/avr8-gnu-toolchain/bin/../lib/gcc/avr/4.9.2/avrxmega2\libgcc.a(_clear_bss.o)
 .text          0x00000000        0x0 c:/program files (x86)/atmel/studio/7.0/toolchain/avr8/avr8-gnu-toolchain/bin/../lib/gcc/avr/4.9.2/../../../../avr/lib/avrxmega2\libc.a(strncmp.o)
 .data          0x00000000        0x0 c:/program files (x86)/atmel/studio/7.0/toolchain/avr8/avr8-gnu-toolchain/bin/../lib/gcc/avr/4.9.2/../../../../avr/lib/avrxmega2\libc.a(strncmp.o)
 .bss           0x00000000        0x0 c:/program files (x86)/atmel/studio/7.0/toolchain/avr8/avr8-gnu-toolchain/bin/../lib/gcc/avr/4.9.2/../../../../avr/lib/avrxmega2\libc.a(strncmp.o)
 .text.avr-libc
                0x00000000       0x1c c:/program files (x86)/atmel/studio/7.0/toolchain/avr8/avr8-gnu-toolchain/bin/../lib/gcc/avr/4.9.2/../../../../avr/lib/avrxmega2\libc.a(strncmp.o)
 .text          0x00000000        0x0 c:/program files (x86)/atmel/studio/7.0/toolchain/avr8/avr8-gnu-toolchain/bin/../lib/gcc/avr/4.9.2/../../../../avr/lib/avrxmega2\libc.a(itoa_ncheck.o)
 .data          0x00000000        0x0 c:/program files (x86)/atmel/studio/7.0/toolchain/avr8/avr8-gnu-toolchain/bin/../lib/gcc/avr/4.9.2/../../../../avr/lib/avrxmega2\libc.a(itoa_ncheck.o)
 .bss           0x00000000        0x0 c:/program files (x86)/atmel/studio/7.0/toolchain/avr8/avr8-gnu-toolchain/bin/../lib/gcc/avr/4.9.2/../../../../avr/lib/avrxmega2\libc.a(itoa_ncheck.o)
 .text          0x00000000        0x0 c:/program files (x86)/atmel/studio/7.0/toolchain/avr8/avr8-gnu-toolchain/bin/../lib/gcc/avr/4.9.2/../../../../avr/lib/avrxmega2\libc.a(utoa_ncheck.o)
 .data          0x00000000        0x0 c:/program files (x86)/atmel/studio/7.0/toolchain/avr8/avr8-gnu-toolchain/bin/../lib/gcc/avr/4.9.2/../../../../avr/lib/avrxmega2\libc.a(utoa_ncheck.o)
 .bss           0x00000000        0x0 c:/program files (x86)/atmel/studio/7.0/toolchain/avr8/avr8-gnu-toolchain/bin/../lib/gcc/avr/4.9.2/../../../../avr/lib/avrxmega2\libc.a(utoa_ncheck.o)
 .text          0x00000000        0x0 c:/program files (x86)/atmel/studio/7.0/toolchain/avr8/avr8-gnu-toolchain/bin/../lib/gcc/avr/4.9.2/../../../../avr/lib/avrxmega2\libc.a(strrev.o)
 .data          0x00000000        0x0 c:/program files (x86)/atmel/studio/7.0/toolchain/avr8/avr8-gnu-toolchain/bin/../lib/gcc/avr/4.9.2/../../../../avr/lib/avrxmega2\libc.a(strrev.o)
 .bss           0x00000000        0x0 c:/program files (x86)/atmel/studio/7.0/toolchain/avr8/avr8-gnu-toolchain/bin/../lib/gcc/avr/4.9.2/../../../../avr/lib/avrxmega2\libc.a(strrev.o)

Memory Configuration

Name             Origin             Length             Attributes
text             0x00000000         0x00100000         xr
data             0x00802000         0x0000ffa0         rw !x
eeprom           0x00810000         0x00010000         rw !x
fuse             0x00820000         0x00000009         rw !x
lock             0x00830000         0x00000400         rw !x
signature        0x00840000         0x00000400         rw !x
user_signatures  0x00850000         0x00000400         rw !x
*default*        0x00000000         0xffffffff

Linker script and memory map

Address of section .data set to 0x803e00
LOAD C:/Program Files (x86)/Atmel/Studio/7.0/Packs/atmel/ATtiny_DFP/1.1.102/gcc/dev/attiny817/avrxmega2/crtattiny817.o
LOAD atmel_start.o
LOAD time_and_date.o
LOAD display.o
LOAD driver_isr.o
LOAD main.o
LOAD src/bod.o
LOAD src/spi_basic_example.o
LOAD src/clkctrl.o
LOAD src/cpuint.o
LOAD src/driver_init.o
LOAD src/protected_io.o
LOAD src/rtc.o
LOAD src/slpctrl.o
LOAD src/spi_basic.o
START GROUP
LOAD c:/program files (x86)/atmel/studio/7.0/toolchain/avr8/avr8-gnu-toolchain/bin/../lib/gcc/avr/4.9.2/../../../../avr/lib/avrxmega2\libm.a
END GROUP
START GROUP
LOAD c:/program files (x86)/atmel/studio/7.0/toolchain/avr8/avr8-gnu-toolchain/bin/../lib/gcc/avr/4.9.2/avrxmega2\libgcc.a
LOAD c:/program files (x86)/atmel/studio/7.0/toolchain/avr8/avr8-gnu-toolchain/bin/../lib/gcc/avr/4.9.2/../../../../avr/lib/avrxmega2\libm.a
LOAD c:/program files (x86)/atmel/studio/7.0/toolchain/avr8/avr8-gnu-toolchain/bin/../lib/gcc/avr/4.9.2/../../../../avr/lib/avrxmega2\libc.a
LOAD C:/Program Files (x86)/Atmel/Studio/7.0/Packs/atmel/ATtiny_DFP/1.1.102/gcc/dev/attiny817/avrxmega2\libattiny817.a
END GROUP
                0x00100000                __TEXT_REGION_LENGTH__ = DEFINED (__TEXT_REGION_LENGTH__)?__TEXT_REGION_LENGTH__:0x100000
                0x0000ffa0                __DATA_REGION_LENGTH__ = DEFINED (__DATA_REGION_LENGTH__)?__DATA_REGION_LENGTH__:0xffa0
                0x00010000                __EEPROM_REGION_LENGTH__ = DEFINED (__EEPROM_REGION_LENGTH__)?__EEPROM_REGION_LENGTH__:0x10000
                [0x00000009]                __FUSE_REGION_LENGTH__ = DEFINED (__FUSE_REGION_LENGTH__)?__FUSE_REGION_LENGTH__:0x400
                0x00000400                __LOCK_REGION_LENGTH__ = DEFINED (__LOCK_REGION_LENGTH__)?__LOCK_REGION_LENGTH__:0x400
                0x00000400                __SIGNATURE_REGION_LENGTH__ = DEFINED (__SIGNATURE_REGION_LENGTH__)?__SIGNATURE_REGION_LENGTH__:0x400
                0x00000400                __USER_SIGNATURE_REGION_LENGTH__ = DEFINED (__USER_SIGNATURE_REGION_LENGTH__)?__USER_SIGNATURE_REGION_LENGTH__:0x400

.hash
 *(.hash)

.dynsym
 *(.dynsym)

.dynstr
 *(.dynstr)

.gnu.version
 *(.gnu.version)

.gnu.version_d
 *(.gnu.version_d)

.gnu.version_r
 *(.gnu.version_r)

.rel.init
 *(.rel.init)

.rela.init
 *(.rela.init)

.rel.text
 *(.rel.text)
 *(.rel.text.*)
 *(.rel.gnu.linkonce.t*)

.rela.text
 *(.rela.text)
 *(.rela.text.*)
 *(.rela.gnu.linkonce.t*)

.rel.fini
 *(.rel.fini)

.rela.fini
 *(.rela.fini)

.rel.rodata
 *(.rel.rodata)
 *(.rel.rodata.*)
 *(.rel.gnu.linkonce.r*)

.rela.rodata
 *(.rela.rodata)
 *(.rela.rodata.*)
 *(.rela.gnu.linkonce.r*)

.rel.data
 *(.rel.data)
 *(.rel.data.*)
 *(.rel.gnu.linkonce.d*)

.rela.data
 *(.rela.data)
 *(.rela.data.*)
 *(.rela.gnu.linkonce.d*)

.rel.ctors
 *(.rel.ctors)

.rela.ctors
 *(.rela.ctors)

.rel.dtors
 *(.rel.dtors)

.rela.dtors
 *(.rela.dtors)

.rel.got
 *(.rel.got)

.rela.got
 *(.rela.got)

.rel.bss
 *(.rel.bss)

.rela.bss
 *(.rela.bss)

.rel.plt
 *(.rel.plt)

.rela.plt
 *(.rela.plt)

.text           0x00000000      0xff6
 *(.vectors)
 .vectors       0x00000000       0x34 C:/Program Files (x86)/Atmel/Studio/7.0/Packs/atmel/ATtiny_DFP/1.1.102/gcc/dev/attiny817/avrxmega2/crtattiny817.o
                0x00000000                __vector_default
                0x00000000                __vectors
 *(.vectors)
 *(.progmem.gcc*)
                0x00000034                . = ALIGN (0x2)
                0x00000034                __trampolines_start = .
 *(.trampolines)
 .trampolines   0x00000034        0x0 linker stubs
 *(.trampolines*)
                0x00000034                __trampolines_end = .
 *libprintf_flt.a:*(.progmem.data)
 *libc.a:*(.progmem.data)
 *(.progmem*)
 .progmem.data.font8x8_ext_latin
                0x00000034      0x200 display.o
                0x00000034                font8x8_ext_latin
 .progmem.data.font8x8_basic
                0x00000234      0x300 display.o
                0x00000234                font8x8_basic
                0x00000534                . = ALIGN (0x2)
 *(.jumptables)
 *(.jumptables*)
 *(.lowtext)
 *(.lowtext*)
                0x00000534                __ctors_start = .
 *(.ctors)
                0x00000534                __ctors_end = .
                0x00000534                __dtors_start = .
 *(.dtors)
                0x00000534                __dtors_end = .
 SORT(*)(.ctors)
 SORT(*)(.dtors)
 *(.init0)
 .init0         0x00000534        0x0 C:/Program Files (x86)/Atmel/Studio/7.0/Packs/atmel/ATtiny_DFP/1.1.102/gcc/dev/attiny817/avrxmega2/crtattiny817.o
                0x00000534                __init
 *(.init0)
 *(.init1)
 *(.init1)
 *(.init2)
 .init2         0x00000534        0xc C:/Program Files (x86)/Atmel/Studio/7.0/Packs/atmel/ATtiny_DFP/1.1.102/gcc/dev/attiny817/avrxmega2/crtattiny817.o
 *(.init2)
 *(.init3)
 *(.init3)
 *(.init4)
 .init4         0x00000540       0x16 c:/program files (x86)/atmel/studio/7.0/toolchain/avr8/avr8-gnu-toolchain/bin/../lib/gcc/avr/4.9.2/avrxmega2\libgcc.a(_copy_data.o)
                0x00000540                __do_copy_data
 .init4         0x00000556       0x10 c:/program files (x86)/atmel/studio/7.0/toolchain/avr8/avr8-gnu-toolchain/bin/../lib/gcc/avr/4.9.2/avrxmega2\libgcc.a(_clear_bss.o)
                0x00000556                __do_clear_bss
 *(.init4)
 *(.init5)
 *(.init5)
 *(.init6)
 *(.init6)
 *(.init7)
 *(.init7)
 *(.init8)
 *(.init8)
 *(.init9)
 .init9         0x00000566        0x8 C:/Program Files (x86)/Atmel/Studio/7.0/Packs/atmel/ATtiny_DFP/1.1.102/gcc/dev/attiny817/avrxmega2/crtattiny817.o
 *(.init9)
 *(.text)
 .text          0x0000056e        0x4 C:/Program Files (x86)/Atmel/Studio/7.0/Packs/atmel/ATtiny_DFP/1.1.102/gcc/dev/attiny817/avrxmega2/crtattiny817.o
                0x0000056e                __vector_22
                0x0000056e                __vector_1
                0x0000056e                __vector_24
                0x0000056e                __vector_12
                0x0000056e                __bad_interrupt
                0x0000056e                __vector_23
                0x0000056e                __vector_25
                0x0000056e                __vector_11
                0x0000056e                __vector_13
                0x0000056e                __vector_17
                0x0000056e                __vector_19
                0x0000056e                __vector_7
                0x0000056e                __vector_5
                0x0000056e                __vector_4
                0x0000056e                __vector_9
                0x0000056e                __vector_2
                0x0000056e                __vector_15
                0x0000056e                __vector_8
                0x0000056e                __vector_14
                0x0000056e                __vector_10
                0x0000056e                __vector_16
                0x0000056e                __vector_18
                0x0000056e                __vector_20
                0x00000572                . = ALIGN (0x2)
 *(.text.*)
 .text.atmel_start_init
                0x00000572        0x6 atmel_start.o
                0x00000572                atmel_start_init
 .text.set_time
                0x00000578       0x20 time_and_date.o
                0x00000578                set_time
 .text.counter  0x00000598       0xc4 time_and_date.o
                0x00000598                counter
 .text.DISP_transmit_cmd
                0x0000065c        0xe display.o
                0x0000065c                DISP_transmit_cmd
 .text.DISP_transmit_data
                0x0000066a        0xe display.o
                0x0000066a                DISP_transmit_data
 .text.DISP_putc
                0x00000678      0x3ec display.o
                0x00000678                DISP_putc
 .text.DISP_print
                0x00000a64       0x1e display.o
                0x00000a64                DISP_print
 .text.DISP_clear
                0x00000a82       0x52 display.o
                0x00000a82                DISP_clear
 .text.DISP_rst
                0x00000ad4       0x20 display.o
                0x00000ad4                DISP_rst
 .text.DISP_init
                0x00000af4       0xda display.o
                0x00000af4                DISP_init
 .text.__vector_3
                0x00000bce       0x66 driver_isr.o
                0x00000bce                __vector_3
 .text.__vector_6
                0x00000c34      0x142 driver_isr.o
                0x00000c34                __vector_6
 .text.main     0x00000d76       0x2e main.o
                0x00000d76                main
 .text.BOD_init
                0x00000da4        0x4 src/bod.o
                0x00000da4                BOD_init
 .text.CLKCTRL_init
                0x00000da8       0x10 src/clkctrl.o
                0x00000da8                CLKCTRL_init
 .text.CPUINT_init
                0x00000db8        0x6 src/cpuint.o
                0x00000db8                CPUINT_init
 .text.mcu_init
                0x00000dbe       0x38 src/driver_init.o
                0x00000dbe                mcu_init
 .text.system_init
                0x00000df6       0x4a src/driver_init.o
                0x00000df6                system_init
 .text.protected_write_io
                0x00000e40        0x8 src/protected_io.o
                0x00000e40                protected_write_io
 .text.RTC_0_init
                0x00000e48       0x24 src/rtc.o
                0x00000e48                RTC_0_init
 .text.SLPCTRL_init
                0x00000e6c        0xa src/slpctrl.o
                0x00000e6c                SLPCTRL_init
 .text.SPI_MasterInit
                0x00000e76       0x34 src/spi_basic.o
                0x00000e76                SPI_MasterInit
 .text.SPI_MasterTransmit
                0x00000eaa       0x20 src/spi_basic.o
                0x00000eaa                SPI_MasterTransmit
 .text.__vector_21
                0x00000eca       0xbe src/spi_basic.o
                0x00000eca                __vector_21
 .text.avr-libc
                0x00000f88       0x16 c:/program files (x86)/atmel/studio/7.0/toolchain/avr8/avr8-gnu-toolchain/bin/../lib/gcc/avr/4.9.2/../../../../avr/lib/avrxmega2\libc.a(itoa_ncheck.o)
                0x00000f88                __itoa_ncheck
 .text.avr-libc
                0x00000f9e       0x34 c:/program files (x86)/atmel/studio/7.0/toolchain/avr8/avr8-gnu-toolchain/bin/../lib/gcc/avr/4.9.2/../../../../avr/lib/avrxmega2\libc.a(utoa_ncheck.o)
                0x00000f9e                __utoa_ncheck
                0x00000fa0                __utoa_common
 .text.avr-libc
                0x00000fd2       0x20 c:/program files (x86)/atmel/studio/7.0/toolchain/avr8/avr8-gnu-toolchain/bin/../lib/gcc/avr/4.9.2/../../../../avr/lib/avrxmega2\libc.a(strrev.o)
                0x00000fd2                strrev
                0x00000ff2                . = ALIGN (0x2)
 *(.fini9)
 .fini9         0x00000ff2        0x0 c:/program files (x86)/atmel/studio/7.0/toolchain/avr8/avr8-gnu-toolchain/bin/../lib/gcc/avr/4.9.2/avrxmega2\libgcc.a(_exit.o)
                0x00000ff2                _exit
                0x00000ff2                exit
 *(.fini9)
 *(.fini8)
 *(.fini8)
 *(.fini7)
 *(.fini7)
 *(.fini6)
 *(.fini6)
 *(.fini5)
 *(.fini5)
 *(.fini4)
 *(.fini4)
 *(.fini3)
 *(.fini3)
 *(.fini2)
 *(.fini2)
 *(.fini1)
 *(.fini1)
 *(.fini0)
 .fini0         0x00000ff2        0x4 c:/program files (x86)/atmel/studio/7.0/toolchain/avr8/avr8-gnu-toolchain/bin/../lib/gcc/avr/4.9.2/avrxmega2\libgcc.a(_exit.o)
 *(.fini0)
                0x00000ff6                _etext = .

.data           0x00803e00        0x8 load address 0x00000ff6
                0x00803e00                PROVIDE (__data_start, .)
 *(.data)
 *(.data*)
 *(.rodata)
 *(.rodata*)
 .rodata.str1.1
                0x00803e00        0x2 display.o
 .rodata.str1.1
                0x00803e02        0x6 driver_isr.o
 *(.gnu.linkonce.d*)
                0x00803e08                . = ALIGN (0x2)
                0x00803e08                _edata = .
                0x00803e08                PROVIDE (__data_end, .)

.bss            0x00803e08       0x12
                0x00803e08                PROVIDE (__bss_start, .)
 *(.bss)
 *(.bss*)
 .bss.cursor_col
                0x00803e08        0x2 display.o
                0x00803e08                cursor_col
 .bss.cursor_row
                0x00803e0a        0x2 display.o
                0x00803e0a                cursor_row
 .bss.SPI_0_desc
                0x00803e0c        0x7 src/spi_basic.o
 *(COMMON)
 COMMON         0x00803e13        0x7 time_and_date.o
                0x00803e13                t
                0x00803e1a                PROVIDE (__bss_end, .)
                0x00000ff6                __data_load_start = LOADADDR (.data)
                0x00000ffe                __data_load_end = (__data_load_start + SIZEOF (.data))

.noinit         0x00803e1a        0x0
                [!provide]                PROVIDE (__noinit_start, .)
 *(.noinit*)
                [!provide]                PROVIDE (__noinit_end, .)
                0x00803e1a                _end = .
                [!provide]                PROVIDE (__heap_start, .)

.eeprom         0x00810000        0x0
 *(.eeprom*)
                0x00810000                __eeprom_end = .

.fuse
 *(.fuse)
 *(.lfuse)
 *(.hfuse)
 *(.efuse)

.lock
 *(.lock*)

.signature
 *(.signature*)

.user_signatures
 *(.user_signatures*)

.stab
 *(.stab)

.stabstr
 *(.stabstr)

.stab.excl
 *(.stab.excl)

.stab.exclstr
 *(.stab.exclstr)

.stab.index
 *(.stab.index)

.stab.indexstr
 *(.stab.indexstr)

.comment        0x00000000       0x30
 *(.comment)
 .comment       0x00000000       0x30 atmel_start.o
                                 0x31 (size before relaxing)
 .comment       0x00000030       0x31 time_and_date.o
 .comment       0x00000030       0x31 display.o
 .comment       0x00000030       0x31 driver_isr.o
 .comment       0x00000030       0x31 main.o
 .comment       0x00000030       0x31 src/bod.o
 .comment       0x00000030       0x31 src/clkctrl.o
 .comment       0x00000030       0x31 src/cpuint.o
 .comment       0x00000030       0x31 src/driver_init.o
 .comment       0x00000030       0x31 src/rtc.o
 .comment       0x00000030       0x31 src/slpctrl.o
 .comment       0x00000030       0x31 src/spi_basic.o

.note.gnu.avr.deviceinfo
                0x00000000       0x3c
 .note.gnu.avr.deviceinfo
                0x00000000       0x3c C:/Program Files (x86)/Atmel/Studio/7.0/Packs/atmel/ATtiny_DFP/1.1.102/gcc/dev/attiny817/avrxmega2/crtattiny817.o

.note.gnu.build-id
 *(.note.gnu.build-id)

.debug
 *(.debug)

.line
 *(.line)

.debug_srcinfo
 *(.debug_srcinfo)

.debug_sfnames
 *(.debug_sfnames)

.debug_aranges  0x00000000      0x268
 *(.debug_aranges)
 .debug_aranges
                0x00000000       0x20 atmel_start.o
 .debug_aranges
                0x00000020       0x28 time_and_date.o
 .debug_aranges
                0x00000048       0x60 display.o
 .debug_aranges
                0x000000a8       0x28 driver_isr.o
 .debug_aranges
                0x000000d0       0x20 main.o
 .debug_aranges
                0x000000f0       0x20 src/bod.o
 .debug_aranges
                0x00000110       0x20 src/clkctrl.o
 .debug_aranges
                0x00000130       0x20 src/cpuint.o
 .debug_aranges
                0x00000150       0x28 src/driver_init.o
 .debug_aranges
                0x00000178       0x20 src/protected_io.o
 .debug_aranges
                0x00000198       0x20 src/rtc.o
 .debug_aranges
                0x000001b8       0x20 src/slpctrl.o
 .debug_aranges
                0x000001d8       0x90 src/spi_basic.o

.debug_pubnames
 *(.debug_pubnames)

.debug_info     0x00000000     0x4954
 *(.debug_info .gnu.linkonce.wi.*)
 .debug_info    0x00000000     0x1670 C:/Program Files (x86)/Atmel/Studio/7.0/Packs/atmel/ATtiny_DFP/1.1.102/gcc/dev/attiny817/avrxmega2/crtattiny817.o
 .debug_info    0x00001670       0x97 atmel_start.o
 .debug_info    0x00001707       0xdc time_and_date.o
 .debug_info    0x000017e3      0xe2d display.o
 .debug_info    0x00002610      0x83d driver_isr.o
 .debug_info    0x00002e4d      0x107 main.o
 .debug_info    0x00002f54       0x8d src/bod.o
 .debug_info    0x00002fe1      0x33f src/clkctrl.o
 .debug_info    0x00003320       0x8d src/cpuint.o
 .debug_info    0x000033ad      0x8e5 src/driver_init.o
 .debug_info    0x00003c92       0x94 src/protected_io.o
 .debug_info    0x00003d26      0x3e0 src/rtc.o
 .debug_info    0x00004106      0x100 src/slpctrl.o
 .debug_info    0x00004206      0x74e src/spi_basic.o

.debug_abbrev   0x00000000     0x2220
 *(.debug_abbrev)
 .debug_abbrev  0x00000000     0x153a C:/Program Files (x86)/Atmel/Studio/7.0/Packs/atmel/ATtiny_DFP/1.1.102/gcc/dev/attiny817/avrxmega2/crtattiny817.o
 .debug_abbrev  0x0000153a       0x62 atmel_start.o
 .debug_abbrev  0x0000159c       0x73 time_and_date.o
 .debug_abbrev  0x0000160f      0x294 display.o
 .debug_abbrev  0x000018a3      0x229 driver_isr.o
 .debug_abbrev  0x00001acc       0x9a main.o
 .debug_abbrev  0x00001b66       0x51 src/bod.o
 .debug_abbrev  0x00001bb7      0x109 src/clkctrl.o
 .debug_abbrev  0x00001cc0       0x51 src/cpuint.o
 .debug_abbrev  0x00001d11      0x1c6 src/driver_init.o
 .debug_abbrev  0x00001ed7       0x14 src/protected_io.o
 .debug_abbrev  0x00001eeb       0xd2 src/rtc.o
 .debug_abbrev  0x00001fbd       0x9b src/slpctrl.o
 .debug_abbrev  0x00002058      0x1c8 src/spi_basic.o

.debug_line     0x00000000     0x1713
 *(.debug_line .debug_line.* .debug_line_end)
 .debug_line    0x00000000      0x133 C:/Program Files (x86)/Atmel/Studio/7.0/Packs/atmel/ATtiny_DFP/1.1.102/gcc/dev/attiny817/avrxmega2/crtattiny817.o
 .debug_line    0x00000133       0x60 atmel_start.o
 .debug_line    0x00000193      0x11e time_and_date.o
 .debug_line    0x000002b1      0x65d display.o
 .debug_line    0x0000090e      0x228 driver_isr.o
 .debug_line    0x00000b36       0xe5 main.o
 .debug_line    0x00000c1b       0xa2 src/bod.o
 .debug_line    0x00000cbd      0x136 src/clkctrl.o
 .debug_line    0x00000df3       0xab src/cpuint.o
 .debug_line    0x00000e9e      0x246 src/driver_init.o
 .debug_line    0x000010e4       0x55 src/protected_io.o
 .debug_line    0x00001139      0x12c src/rtc.o
 .debug_line    0x00001265      0x10c src/slpctrl.o
 .debug_line    0x00001371      0x3a2 src/spi_basic.o

.debug_frame    0x00000000      0x51c
 *(.debug_frame)
 .debug_frame   0x00000000       0x24 atmel_start.o
 .debug_frame   0x00000024       0x34 time_and_date.o
 .debug_frame   0x00000058      0x188 display.o
 .debug_frame   0x000001e0       0xdc driver_isr.o
 .debug_frame   0x000002bc       0x24 main.o
 .debug_frame   0x000002e0       0x24 src/bod.o
 .debug_frame   0x00000304       0x24 src/clkctrl.o
 .debug_frame   0x00000328       0x24 src/cpuint.o
 .debug_frame   0x0000034c       0x34 src/driver_init.o
 .debug_frame   0x00000380       0x24 src/rtc.o
 .debug_frame   0x000003a4       0x24 src/slpctrl.o
 .debug_frame   0x000003c8      0x154 src/spi_basic.o

.debug_str      0x00000000     0x1770
 *(.debug_str)
 .debug_str     0x00000000      0x97d C:/Program Files (x86)/Atmel/Studio/7.0/Packs/atmel/ATtiny_DFP/1.1.102/gcc/dev/attiny817/avrxmega2/crtattiny817.o
 .debug_str     0x0000097d      0x172 atmel_start.o
                                0x1a6 (size before relaxing)
 .debug_str     0x00000aef       0x4c time_and_date.o
                                0x175 (size before relaxing)
 .debug_str     0x00000b3b      0x29b display.o
                                0x43c (size before relaxing)
 .debug_str     0x00000dd6       0xa2 driver_isr.o
                                0x3e1 (size before relaxing)
 .debug_str     0x00000e78       0x11 main.o
                                0x1b8 (size before relaxing)
 .debug_str     0x00000e89       0x16 src/bod.o
                                0x193 (size before relaxing)
 .debug_str     0x00000e9f      0x178 src/clkctrl.o
                                0x3bd (size before relaxing)
 .debug_str     0x00001017       0x1c src/cpuint.o
                                0x199 (size before relaxing)
 .debug_str     0x00001033      0x1b6 src/driver_init.o
                                0x4dd (size before relaxing)
 .debug_str     0x000011e9      0x27e src/rtc.o
                                0x50d (size before relaxing)
 .debug_str     0x00001467       0x8f src/slpctrl.o
                                0x233 (size before relaxing)
 .debug_str     0x000014f6      0x27a src/spi_basic.o
                                0x602 (size before relaxing)

.debug_loc      0x00000000     0x1267
 *(.debug_loc)
 .debug_loc     0x00000000      0xd68 display.o
 .debug_loc     0x00000d68      0x2b4 driver_isr.o
 .debug_loc     0x0000101c       0x36 src/driver_init.o
 .debug_loc     0x00001052      0x215 src/spi_basic.o

.debug_macinfo
 *(.debug_macinfo)

.debug_weaknames
 *(.debug_weaknames)

.debug_funcnames
 *(.debug_funcnames)

.debug_typenames
 *(.debug_typenames)

.debug_varnames
 *(.debug_varnames)

.debug_pubtypes
 *(.debug_pubtypes)

.debug_ranges   0x00000000      0x188
 *(.debug_ranges)
 .debug_ranges  0x00000000       0x10 atmel_start.o
 .debug_ranges  0x00000010       0x18 time_and_date.o
 .debug_ranges  0x00000028       0x50 display.o
 .debug_ranges  0x00000078       0x18 driver_isr.o
 .debug_ranges  0x00000090       0x10 main.o
 .debug_ranges  0x000000a0       0x10 src/bod.o
 .debug_ranges  0x000000b0       0x10 src/clkctrl.o
 .debug_ranges  0x000000c0       0x10 src/cpuint.o
 .debug_ranges  0x000000d0       0x18 src/driver_init.o
 .debug_ranges  0x000000e8       0x10 src/rtc.o
 .debug_ranges  0x000000f8       0x10 src/slpctrl.o
 .debug_ranges  0x00000108       0x80 src/spi_basic.o

.debug_macro
 *(.debug_macro)
OUTPUT(AtmelStartProject14.elf elf32-avr)
LOAD linker stubs
